// Vitest Snapshot v1

exports[`mount component 1`] = `" <h1 class=\\"text-4xl text-center my-8 uppercase\\">Svelte kit Pokedex</h1> <input class=\\"w-full rounded-md text-lg p-4 border-2 border-gray-200\\" type=\\"text\\" placeholder=\\"Search Pokemon\\"> <div class=\\"py-4 grid gap-4 md:grid-cols-2 grid-cols-1\\"></div>"`;
